deployment "payments-db" successfully rolled out
deployment "payment-processing" successfully rolled out
OBSERVED outcome=NEW deliveryCount=1 paymentId=10966a40-b53b-ded7-0213-b166b5e20dd4
OBSERVED outcome=DUPLICATE deliveryCount=1 paymentId=10966a40-b53b-ded7-0213-b166b5e20dd4
OBSERVED outcome=CONFLICT deliveryCount=1 paymentId=10966a40-b53b-ded7-0213-b166b5e20dd4
PASS: idempotency scenario=baseline single unchanged effect; paymentId=10966a40-b53b-ded7-0213-b166b5e20dd4
deployment.apps/payment-processing restarted
Waiting for deployment "payment-processing" rollout to finish: 0 out of 1 new replicas have been updated...
Waiting for deployment "payment-processing" rollout to finish: 0 out of 1 new replicas have been updated...
Waiting for deployment "payment-processing" rollout to finish: 0 out of 1 new replicas have been updated...
Waiting for deployment "payment-processing" rollout to finish: 0 of 1 updated replicas are available...
deployment "payment-processing" successfully rolled out
OBSERVED outcome=DUPLICATE deliveryCount=1 paymentId=10966a40-b53b-ded7-0213-b166b5e20dd4
PASS: idempotency scenario=after-restart single unchanged effect; paymentId=10966a40-b53b-ded7-0213-b166b5e20dd4
Test contrôlé : arrêt du processeur après commit DB, puis redémarrage automatique.
deployment.apps/payment-processing updated
Waiting for deployment "payment-processing" rollout to finish: 0 out of 1 new replicas have been updated...
Waiting for deployment "payment-processing" rollout to finish: 0 out of 1 new replicas have been updated...
Waiting for deployment "payment-processing" rollout to finish: 0 out of 1 new replicas have been updated...
Waiting for deployment "payment-processing" rollout to finish: 0 of 1 updated replicas are available...
deployment "payment-processing" successfully rolled out
OBSERVED outcome=DUPLICATE deliveryCount=2 paymentId=abc6d9ec-8fb2-4ba0-6b92-467eefc07069
PASS: idempotency scenario=crash single unchanged effect; paymentId=abc6d9ec-8fb2-4ba0-6b92-467eefc07069
CRASH_AFTER_DB_COMMIT paymentId=abc6d9ec-8fb2-4ba0-6b92-467eefc07069
Preuves du crash vérifiées ; désactivation de l’injection et contrôle JMS final.
deployment.apps/payment-processing updated
Waiting for deployment "payment-processing" rollout to finish: 0 out of 1 new replicas have been updated...
Waiting for deployment "payment-processing" rollout to finish: 0 out of 1 new replicas have been updated...
Waiting for deployment "payment-processing" rollout to finish: 0 out of 1 new replicas have been updated...
Waiting for deployment "payment-processing" rollout to finish: 0 of 1 updated replicas are available...
deployment "payment-processing" successfully rolled out
PASS: wrong password rejected (MQRC 2035)
ACCEPTED paymentId=7035365a-2e78-445f-ad53-de61f84aa2f1
PASS: authenticated JMS request/reply paymentId=7035365a-2e78-445f-ad53-de61f84aa2f1
READY: authenticated MQ connection; simulation only
NEW paymentId=7035365a-2e78-445f-ad53-de61f84aa2f1
PASS lot paiement : refus mauvais mot de passe puis demande/réponse JMS.
PASS lot idempotence : doublon, conflit, redémarrage, crash DB/MQ et effet unique ; injection désactivée.
